// Jest Snapshot v1, https://goo.gl/fbAQLP

exports[`User component renders correctly with a user 1`] = `
<div
  className="wrapper"
>
  <div
    className="userDetails"
  >
    <img
      alt="User Avatar"
      src="https://fake.image.url"
    />
    <span>
      Jane Doe
    </span>
  </div>
  <a
    className="change"
    href="#todo"
  >
    Change
  </a>
</div>
`;
